// Jest Snapshot v1, https://goo.gl/fbAQLP

exports[`snapshot test for loader 1`] = `
<div
  className="loader"
/>
`;
