// Jest Snapshot v1, https://goo.gl/fbAQLP

exports[`snapshot test for footer 1`] = `
<footer
  className="footer"
>
  <img
    alt="logo"
    className="logo"
    src="logo.svg"
  />
</footer>
`;
